Command line invocation:
    /Applications/Xcode.app/Contents/Developer/usr/bin/xcodebuild test -scheme Money -sdk iphonesimulator -destination "platform=iOS Simulator,name=iPhone 17"

Build settings from command line:
    SDKROOT = iphonesimulator26.0

ComputePackagePrebuildTargetDependencyGraph

Prepare packages

CreateBuildRequest

SendProjectDescription

CreateBuildOperation

ComputeTargetDependencyGraph
note: Building targets in dependency order
note: Target dependency graph (3 targets)
    Target 'MoneyTests' in project 'Money'
        ➜ Explicit dependency on target 'Money' in project 'Money'
    Target 'MoneyUITests' in project 'Money'
        ➜ Explicit dependency on target 'Money' in project 'Money'
    Target 'Money' in project 'Money' (no dependencies)

GatherProvisioningInputs

CreateBuildDescription

ExecuteExternalTool /Applications/Xcode.app/Contents/Developer/Toolchains/XcodeDefault.xctoolchain/usr/bin/clang -v -E -dM -isysroot /Applications/Xcode.app/Contents/Developer/Platforms/iPhoneSimulator.platform/Developer/SDKs/iPhoneSimulator26.0.sdk -x c -c /dev/null

ExecuteExternalTool /Applications/Xcode.app/Contents/Developer/Toolchains/XcodeDefault.xctoolchain/usr/bin/swiftc --version

ExecuteExternalTool /Applications/Xcode.app/Contents/Developer/usr/bin/actool --print-asset-tag-combinations --output-format xml1 /Users/victorsamir/Documents/Money/Money/Assets.xcassets

ExecuteExternalTool /Applications/Xcode.app/Contents/Developer/Toolchains/XcodeDefault.xctoolchain/usr/bin/ld -version_details

ExecuteExternalTool /Applications/Xcode.app/Contents/Developer/usr/bin/actool --version --output-format xml1

Build description signature: 54ff37f1bc66c42a211b6bd7e631d4c9
Build description path: /Users/victorsamir/Library/Developer/Xcode/DerivedData/Money-gejdruvrzmbeckhfjgdiljhvstqq/Build/Intermediates.noindex/XCBuildData/54ff37f1bc66c42a211b6bd7e631d4c9.xcbuilddata
ClangStatCache /Applications/Xcode.app/Contents/Developer/Toolchains/XcodeDefault.xctoolchain/usr/bin/clang-stat-cache /Applications/Xcode.app/Contents/Developer/Platforms/iPhoneSimulator.platform/Developer/SDKs/iPhoneSimulator26.0.sdk /Users/victorsamir/Library/Developer/Xcode/DerivedData/SDKStatCaches.noindex/iphonesimulator26.0-23A339-26257891a6c027eb51374368541b8346.sdkstatcache
    cd /Users/victorsamir/Documents/Money/Money.xcodeproj
    /Applications/Xcode.app/Contents/Developer/Toolchains/XcodeDefault.xctoolchain/usr/bin/clang-stat-cache /Applications/Xcode.app/Contents/Developer/Platforms/iPhoneSimulator.platform/Developer/SDKs/iPhoneSimulator26.0.sdk -o /Users/victorsamir/Library/Developer/Xcode/DerivedData/SDKStatCaches.noindex/iphonesimulator26.0-23A339-26257891a6c027eb51374368541b8346.sdkstatcache

SwiftDriver MoneyTests normal arm64 com.apple.xcode.tools.swift.compiler (in target 'MoneyTests' from project 'Money')
    cd /Users/victorsamir/Documents/Money
    builtin-SwiftDriver -- /Applications/Xcode.app/Contents/Developer/Toolchains/XcodeDefault.xctoolchain/usr/bin/swiftc -module-name MoneyTests -Onone -enforce-exclusivity\=checked @/Users/victorsamir/Library/Developer/Xcode/DerivedData/Money-gejdruvrzmbeckhfjgdiljhvstqq/Build/Intermediates.noindex/Money.build/Debug-iphonesimulator/MoneyTests.build/Objects-normal/arm64/MoneyTests.SwiftFileList -DDEBUG -plugin-path /Applications/Xcode.app/Contents/Developer/Toolchains/XcodeDefault.xctoolchain/usr/lib/swift/host/plugins/testing -enable-bare-slash-regex -enable-upcoming-feature DisableOutwardActorInference -enable-upcoming-feature InferSendableFromCaptures -enable-upcoming-feature GlobalActorIsolatedTypesUsability -enable-upcoming-feature MemberImportVisibility -enable-upcoming-feature InferIsolatedConformances -enable-upcoming-feature NonisolatedNonsendingByDefault -enable-experimental-feature DebugDescriptionMacro -sdk /Applications/Xcode.app/Contents/Developer/Platforms/iPhoneSimulator.platform/Developer/SDKs/iPhoneSimulator26.0.sdk -target arm64-apple-ios26.0-simulator -g -module-cache-path /Users/victorsamir/Library/Developer/Xcode/DerivedData/ModuleCache.noindex -Xfrontend -serialize-debugging-options -profile-coverage-mapping -profile-generate -enable-testing -index-store-path /Users/victorsamir/Library/Developer/Xcode/DerivedData/Money-gejdruvrzmbeckhfjgdiljhvstqq/Index.noindex/DataStore -Xcc -D_LIBCPP_HARDENING_MODE\=_LIBCPP_HARDENING_MODE_DEBUG -swift-version 5 -I /Users/victorsamir/Library/Developer/Xcode/DerivedData/Money-gejdruvrzmbeckhfjgdiljhvstqq/Build/Products/Debug-iphonesimulator -Isystem /Applications/Xcode.app/Contents/Developer/Platforms/iPhoneSimulator.platform/Developer/usr/lib -F /Users/victorsamir/Library/Developer/Xcode/DerivedData/Money-gejdruvrzmbeckhfjgdiljhvstqq/Build/Products/Debug-iphonesimulator -F /Applications/Xcode.app/Contents/Developer/Platforms/iPhoneSimulator.platform/Developer/Library/Frameworks -F /Applications/Xcode.app/Contents/Developer/Platforms/iPhoneSimulator.platform/Developer/SDKs/iPhoneSimulator26.0.sdk/Developer/Library/Frameworks -parse-as-library -c -j14 -enable-batch-mode -incremental -Xcc -ivfsstatcache -Xcc /Users/victorsamir/Library/Developer/Xcode/DerivedData/SDKStatCaches.noindex/iphonesimulator26.0-23A339-26257891a6c027eb51374368541b8346.sdkstatcache -output-file-map /Users/victorsamir/Library/Developer/Xcode/DerivedData/Money-gejdruvrzmbeckhfjgdiljhvstqq/Build/Intermediates.noindex/Money.build/Debug-iphonesimulator/MoneyTests.build/Objects-normal/arm64/MoneyTests-OutputFileMap.json -use-frontend-parseable-output -save-temps -no-color-diagnostics -explicit-module-build -module-cache-path /Users/victorsamir/Library/Developer/Xcode/DerivedData/Money-gejdruvrzmbeckhfjgdiljhvstqq/Build/Intermediates.noindex/SwiftExplicitPrecompiledModules -clang-scanner-module-cache-path /Users/victorsamir/Library/Developer/Xcode/DerivedData/ModuleCache.noindex -sdk-module-cache-path /Users/victorsamir/Library/Developer/Xcode/DerivedData/ModuleCache.noindex -serialize-diagnostics -emit-dependencies -emit-module -emit-module-path /Users/victorsamir/Library/Developer/Xcode/DerivedData/Money-gejdruvrzmbeckhfjgdiljhvstqq/Build/Intermediates.noindex/Money.build/Debug-iphonesimulator/MoneyTests.build/Objects-normal/arm64/MoneyTests.swiftmodule -validate-clang-modules-once -clang-build-session-file /Users/victorsamir/Library/Developer/Xcode/DerivedData/ModuleCache.noindex/Session.modulevalidation -Xcc -I/Users/victorsamir/Library/Developer/Xcode/DerivedData/Money-gejdruvrzmbeckhfjgdiljhvstqq/Build/Intermediates.noindex/Money.build/Debug-iphonesimulator/MoneyTests.build/swift-overrides.hmap -emit-const-values -Xfrontend -const-gather-protocols-file -Xfrontend /Users/victorsamir/Library/Developer/Xcode/DerivedData/Money-gejdruvrzmbeckhfjgdiljhvstqq/Build/Intermediates.noindex/Money.build/Debug-iphonesimulator/MoneyTests.build/Objects-normal/arm64/MoneyTests_const_extract_protocols.json -Xcc -iquote -Xcc /Users/victorsamir/Library/Developer/Xcode/DerivedData/Money-gejdruvrzmbeckhfjgdiljhvstqq/Build/Intermediates.noindex/Money.build/Debug-iphonesimulator/MoneyTests.build/MoneyTests-generated-files.hmap -Xcc -I/Users/victorsamir/Library/Developer/Xcode/DerivedData/Money-gejdruvrzmbeckhfjgdiljhvstqq/Build/Intermediates.noindex/Money.build/Debug-iphonesimulator/MoneyTests.build/MoneyTests-own-target-headers.hmap -Xcc -I/Users/victorsamir/Library/Developer/Xcode/DerivedData/Money-gejdruvrzmbeckhfjgdiljhvstqq/Build/Intermediates.noindex/Money.build/Debug-iphonesimulator/MoneyTests.build/MoneyTests-all-target-headers.hmap -Xcc -iquote -Xcc /Users/victorsamir/Library/Developer/Xcode/DerivedData/Money-gejdruvrzmbeckhfjgdiljhvstqq/Build/Intermediates.noindex/Money.build/Debug-iphonesimulator/MoneyTests.build/MoneyTests-project-headers.hmap -Xcc -I/Users/victorsamir/Library/Developer/Xcode/DerivedData/Money-gejdruvrzmbeckhfjgdiljhvstqq/Build/Products/Debug-iphonesimulator/include -Xcc -I/Users/victorsamir/Library/Developer/Xcode/DerivedData/Money-gejdruvrzmbeckhfjgdiljhvstqq/Build/Intermediates.noindex/Money.build/Debug-iphonesimulator/MoneyTests.build/DerivedSources-normal/arm64 -Xcc -I/Users/victorsamir/Library/Developer/Xcode/DerivedData/Money-gejdruvrzmbeckhfjgdiljhvstqq/Build/Intermediates.noindex/Money.build/Debug-iphonesimulator/MoneyTests.build/DerivedSources/arm64 -Xcc -I/Users/victorsamir/Library/Developer/Xcode/DerivedData/Money-gejdruvrzmbeckhfjgdiljhvstqq/Build/Intermediates.noindex/Money.build/Debug-iphonesimulator/MoneyTests.build/DerivedSources -Xcc -DDEBUG\=1 -emit-objc-header -emit-objc-header-path /Users/victorsamir/Library/Developer/Xcode/DerivedData/Money-gejdruvrzmbeckhfjgdiljhvstqq/Build/Intermediates.noindex/Money.build/Debug-iphonesimulator/MoneyTests.build/Objects-normal/arm64/MoneyTests-Swift.h -working-directory /Users/victorsamir/Documents/Money -experimental-emit-module-separately -disable-cmo

ProcessInfoPlistFile /Users/victorsamir/Library/Developer/Xcode/DerivedData/Money-gejdruvrzmbeckhfjgdiljhvstqq/Build/Products/Debug-iphonesimulator/Money.app/Info.plist /Users/victorsamir/Library/Developer/Xcode/DerivedData/Money-gejdruvrzmbeckhfjgdiljhvstqq/Build/Intermediates.noindex/Money.build/Debug-iphonesimulator/Money.build/empty-Money.plist (in target 'Money' from project 'Money')
    cd /Users/victorsamir/Documents/Money
    builtin-infoPlistUtility /Users/victorsamir/Library/Developer/Xcode/DerivedData/Money-gejdruvrzmbeckhfjgdiljhvstqq/Build/Intermediates.noindex/Money.build/Debug-iphonesimulator/Money.build/empty-Money.plist -producttype com.apple.product-type.application -genpkginfo /Users/victorsamir/Library/Developer/Xcode/DerivedData/Money-gejdruvrzmbeckhfjgdiljhvstqq/Build/Products/Debug-iphonesimulator/Money.app/PkgInfo -expandbuildsettings -format binary -platform iphonesimulator -additionalcontentfile /Users/victorsamir/Library/Developer/Xcode/DerivedData/Money-gejdruvrzmbeckhfjgdiljhvstqq/Build/Intermediates.noindex/Money.build/Debug-iphonesimulator/Money.build/assetcatalog_generated_info.plist -o /Users/victorsamir/Library/Developer/Xcode/DerivedData/Money-gejdruvrzmbeckhfjgdiljhvstqq/Build/Products/Debug-iphonesimulator/Money.app/Info.plist

SwiftEmitModule normal arm64 Emitting\ module\ for\ MoneyTests (in target 'MoneyTests' from project 'Money')

SwiftCompile normal arm64 /Users/victorsamir/Documents/Money/MoneyTests/MoneyTests.swift (in target 'MoneyTests' from project 'Money')
    cd /Users/victorsamir/Documents/Money
    

SwiftCompile normal arm64 Compiling\ MoneyTests.swift /Users/victorsamir/Documents/Money/MoneyTests/MoneyTests.swift (in target 'MoneyTests' from project 'Money')
SwiftCompile normal arm64 /Users/victorsamir/Documents/Money/MoneyTests/MoneyTests.swift (in target 'MoneyTests' from project 'Money')
    cd /Users/victorsamir/Documents/Money
    

SwiftDriverJobDiscovery normal arm64 Compiling MoneyTests.swift (in target 'MoneyTests' from project 'Money')

SwiftDriver\ Compilation MoneyTests normal arm64 com.apple.xcode.tools.swift.compiler (in target 'MoneyTests' from project 'Money')
    cd /Users/victorsamir/Documents/Money
    builtin-Swift-Compilation -- /Applications/Xcode.app/Contents/Developer/Toolchains/XcodeDefault.xctoolchain/usr/bin/swiftc -module-name MoneyTests -Onone -enforce-exclusivity\=checked @/Users/victorsamir/Library/Developer/Xcode/DerivedData/Money-gejdruvrzmbeckhfjgdiljhvstqq/Build/Intermediates.noindex/Money.build/Debug-iphonesimulator/MoneyTests.build/Objects-normal/arm64/MoneyTests.SwiftFileList -DDEBUG -plugin-path /Applications/Xcode.app/Contents/Developer/Toolchains/XcodeDefault.xctoolchain/usr/lib/swift/host/plugins/testing -enable-bare-slash-regex -enable-upcoming-feature DisableOutwardActorInference -enable-upcoming-feature InferSendableFromCaptures -enable-upcoming-feature GlobalActorIsolatedTypesUsability -enable-upcoming-feature MemberImportVisibility -enable-upcoming-feature InferIsolatedConformances -enable-upcoming-feature NonisolatedNonsendingByDefault -enable-experimental-feature DebugDescriptionMacro -sdk /Applications/Xcode.app/Contents/Developer/Platforms/iPhoneSimulator.platform/Developer/SDKs/iPhoneSimulator26.0.sdk -target arm64-apple-ios26.0-simulator -g -module-cache-path /Users/victorsamir/Library/Developer/Xcode/DerivedData/ModuleCache.noindex -Xfrontend -serialize-debugging-options -profile-coverage-mapping -profile-generate -enable-testing -index-store-path /Users/victorsamir/Library/Developer/Xcode/DerivedData/Money-gejdruvrzmbeckhfjgdiljhvstqq/Index.noindex/DataStore -Xcc -D_LIBCPP_HARDENING_MODE\=_LIBCPP_HARDENING_MODE_DEBUG -swift-version 5 -I /Users/victorsamir/Library/Developer/Xcode/DerivedData/Money-gejdruvrzmbeckhfjgdiljhvstqq/Build/Products/Debug-iphonesimulator -Isystem /Applications/Xcode.app/Contents/Developer/Platforms/iPhoneSimulator.platform/Developer/usr/lib -F /Users/victorsamir/Library/Developer/Xcode/DerivedData/Money-gejdruvrzmbeckhfjgdiljhvstqq/Build/Products/Debug-iphonesimulator -F /Applications/Xcode.app/Contents/Developer/Platforms/iPhoneSimulator.platform/Developer/Library/Frameworks -F /Applications/Xcode.app/Contents/Developer/Platforms/iPhoneSimulator.platform/Developer/SDKs/iPhoneSimulator26.0.sdk/Developer/Library/Frameworks -parse-as-library -c -j14 -enable-batch-mode -incremental -Xcc -ivfsstatcache -Xcc /Users/victorsamir/Library/Developer/Xcode/DerivedData/SDKStatCaches.noindex/iphonesimulator26.0-23A339-26257891a6c027eb51374368541b8346.sdkstatcache -output-file-map /Users/victorsamir/Library/Developer/Xcode/DerivedData/Money-gejdruvrzmbeckhfjgdiljhvstqq/Build/Intermediates.noindex/Money.build/Debug-iphonesimulator/MoneyTests.build/Objects-normal/arm64/MoneyTests-OutputFileMap.json -use-frontend-parseable-output -save-temps -no-color-diagnostics -explicit-module-build -module-cache-path /Users/victorsamir/Library/Developer/Xcode/DerivedData/Money-gejdruvrzmbeckhfjgdiljhvstqq/Build/Intermediates.noindex/SwiftExplicitPrecompiledModules -clang-scanner-module-cache-path /Users/victorsamir/Library/Developer/Xcode/DerivedData/ModuleCache.noindex -sdk-module-cache-path /Users/victorsamir/Library/Developer/Xcode/DerivedData/ModuleCache.noindex -serialize-diagnostics -emit-dependencies -emit-module -emit-module-path /Users/victorsamir/Library/Developer/Xcode/DerivedData/Money-gejdruvrzmbeckhfjgdiljhvstqq/Build/Intermediates.noindex/Money.build/Debug-iphonesimulator/MoneyTests.build/Objects-normal/arm64/MoneyTests.swiftmodule -validate-clang-modules-once -clang-build-session-file /Users/victorsamir/Library/Developer/Xcode/DerivedData/ModuleCache.noindex/Session.modulevalidation -Xcc -I/Users/victorsamir/Library/Developer/Xcode/DerivedData/Money-gejdruvrzmbeckhfjgdiljhvstqq/Build/Intermediates.noindex/Money.build/Debug-iphonesimulator/MoneyTests.build/swift-overrides.hmap -emit-const-values -Xfrontend -const-gather-protocols-file -Xfrontend /Users/victorsamir/Library/Developer/Xcode/DerivedData/Money-gejdruvrzmbeckhfjgdiljhvstqq/Build/Intermediates.noindex/Money.build/Debug-iphonesimulator/MoneyTests.build/Objects-normal/arm64/MoneyTests_const_extract_protocols.json -Xcc -iquote -Xcc /Users/victorsamir/Library/Developer/Xcode/DerivedData/Money-gejdruvrzmbeckhfjgdiljhvstqq/Build/Intermediates.noindex/Money.build/Debug-iphonesimulator/MoneyTests.build/MoneyTests-generated-files.hmap -Xcc -I/Users/victorsamir/Library/Developer/Xcode/DerivedData/Money-gejdruvrzmbeckhfjgdiljhvstqq/Build/Intermediates.noindex/Money.build/Debug-iphonesimulator/MoneyTests.build/MoneyTests-own-target-headers.hmap -Xcc -I/Users/victorsamir/Library/Developer/Xcode/DerivedData/Money-gejdruvrzmbeckhfjgdiljhvstqq/Build/Intermediates.noindex/Money.build/Debug-iphonesimulator/MoneyTests.build/MoneyTests-all-target-headers.hmap -Xcc -iquote -Xcc /Users/victorsamir/Library/Developer/Xcode/DerivedData/Money-gejdruvrzmbeckhfjgdiljhvstqq/Build/Intermediates.noindex/Money.build/Debug-iphonesimulator/MoneyTests.build/MoneyTests-project-headers.hmap -Xcc -I/Users/victorsamir/Library/Developer/Xcode/DerivedData/Money-gejdruvrzmbeckhfjgdiljhvstqq/Build/Products/Debug-iphonesimulator/include -Xcc -I/Users/victorsamir/Library/Developer/Xcode/DerivedData/Money-gejdruvrzmbeckhfjgdiljhvstqq/Build/Intermediates.noindex/Money.build/Debug-iphonesimulator/MoneyTests.build/DerivedSources-normal/arm64 -Xcc -I/Users/victorsamir/Library/Developer/Xcode/DerivedData/Money-gejdruvrzmbeckhfjgdiljhvstqq/Build/Intermediates.noindex/Money.build/Debug-iphonesimulator/MoneyTests.build/DerivedSources/arm64 -Xcc -I/Users/victorsamir/Library/Developer/Xcode/DerivedData/Money-gejdruvrzmbeckhfjgdiljhvstqq/Build/Intermediates.noindex/Money.build/Debug-iphonesimulator/MoneyTests.build/DerivedSources -Xcc -DDEBUG\=1 -emit-objc-header -emit-objc-header-path /Users/victorsamir/Library/Developer/Xcode/DerivedData/Money-gejdruvrzmbeckhfjgdiljhvstqq/Build/Intermediates.noindex/Money.build/Debug-iphonesimulator/MoneyTests.build/Objects-normal/arm64/MoneyTests-Swift.h -working-directory /Users/victorsamir/Documents/Money -experimental-emit-module-separately -disable-cmo

SwiftDriverJobDiscovery normal arm64 Emitting module for MoneyTests (in target 'MoneyTests' from project 'Money')

SwiftDriver\ Compilation\ Requirements MoneyTests normal arm64 com.apple.xcode.tools.swift.compiler (in target 'MoneyTests' from project 'Money')
    cd /Users/victorsamir/Documents/Money
    builtin-Swift-Compilation-Requirements -- /Applications/Xcode.app/Contents/Developer/Toolchains/XcodeDefault.xctoolchain/usr/bin/swiftc -module-name MoneyTests -Onone -enforce-exclusivity\=checked @/Users/victorsamir/Library/Developer/Xcode/DerivedData/Money-gejdruvrzmbeckhfjgdiljhvstqq/Build/Intermediates.noindex/Money.build/Debug-iphonesimulator/MoneyTests.build/Objects-normal/arm64/MoneyTests.SwiftFileList -DDEBUG -plugin-path /Applications/Xcode.app/Contents/Developer/Toolchains/XcodeDefault.xctoolchain/usr/lib/swift/host/plugins/testing -enable-bare-slash-regex -enable-upcoming-feature DisableOutwardActorInference -enable-upcoming-feature InferSendableFromCaptures -enable-upcoming-feature GlobalActorIsolatedTypesUsability -enable-upcoming-feature MemberImportVisibility -enable-upcoming-feature InferIsolatedConformances -enable-upcoming-feature NonisolatedNonsendingByDefault -enable-experimental-feature DebugDescriptionMacro -sdk /Applications/Xcode.app/Contents/Developer/Platforms/iPhoneSimulator.platform/Developer/SDKs/iPhoneSimulator26.0.sdk -target arm64-apple-ios26.0-simulator -g -module-cache-path /Users/victorsamir/Library/Developer/Xcode/DerivedData/ModuleCache.noindex -Xfrontend -serialize-debugging-options -profile-coverage-mapping -profile-generate -enable-testing -index-store-path /Users/victorsamir/Library/Developer/Xcode/DerivedData/Money-gejdruvrzmbeckhfjgdiljhvstqq/Index.noindex/DataStore -Xcc -D_LIBCPP_HARDENING_MODE\=_LIBCPP_HARDENING_MODE_DEBUG -swift-version 5 -I /Users/victorsamir/Library/Developer/Xcode/DerivedData/Money-gejdruvrzmbeckhfjgdiljhvstqq/Build/Products/Debug-iphonesimulator -Isystem /Applications/Xcode.app/Contents/Developer/Platforms/iPhoneSimulator.platform/Developer/usr/lib -F /Users/victorsamir/Library/Developer/Xcode/DerivedData/Money-gejdruvrzmbeckhfjgdiljhvstqq/Build/Products/Debug-iphonesimulator -F /Applications/Xcode.app/Contents/Developer/Platforms/iPhoneSimulator.platform/Developer/Library/Frameworks -F /Applications/Xcode.app/Contents/Developer/Platforms/iPhoneSimulator.platform/Developer/SDKs/iPhoneSimulator26.0.sdk/Developer/Library/Frameworks -parse-as-library -c -j14 -enable-batch-mode -incremental -Xcc -ivfsstatcache -Xcc /Users/victorsamir/Library/Developer/Xcode/DerivedData/SDKStatCaches.noindex/iphonesimulator26.0-23A339-26257891a6c027eb51374368541b8346.sdkstatcache -output-file-map /Users/victorsamir/Library/Developer/Xcode/DerivedData/Money-gejdruvrzmbeckhfjgdiljhvstqq/Build/Intermediates.noindex/Money.build/Debug-iphonesimulator/MoneyTests.build/Objects-normal/arm64/MoneyTests-OutputFileMap.json -use-frontend-parseable-output -save-temps -no-color-diagnostics -explicit-module-build -module-cache-path /Users/victorsamir/Library/Developer/Xcode/DerivedData/Money-gejdruvrzmbeckhfjgdiljhvstqq/Build/Intermediates.noindex/SwiftExplicitPrecompiledModules -clang-scanner-module-cache-path /Users/victorsamir/Library/Developer/Xcode/DerivedData/ModuleCache.noindex -sdk-module-cache-path /Users/victorsamir/Library/Developer/Xcode/DerivedData/ModuleCache.noindex -serialize-diagnostics -emit-dependencies -emit-module -emit-module-path /Users/victorsamir/Library/Developer/Xcode/DerivedData/Money-gejdruvrzmbeckhfjgdiljhvstqq/Build/Intermediates.noindex/Money.build/Debug-iphonesimulator/MoneyTests.build/Objects-normal/arm64/MoneyTests.swiftmodule -validate-clang-modules-once -clang-build-session-file /Users/victorsamir/Library/Developer/Xcode/DerivedData/ModuleCache.noindex/Session.modulevalidation -Xcc -I/Users/victorsamir/Library/Developer/Xcode/DerivedData/Money-gejdruvrzmbeckhfjgdiljhvstqq/Build/Intermediates.noindex/Money.build/Debug-iphonesimulator/MoneyTests.build/swift-overrides.hmap -emit-const-values -Xfrontend -const-gather-protocols-file -Xfrontend /Users/victorsamir/Library/Developer/Xcode/DerivedData/Money-gejdruvrzmbeckhfjgdiljhvstqq/Build/Intermediates.noindex/Money.build/Debug-iphonesimulator/MoneyTests.build/Objects-normal/arm64/MoneyTests_const_extract_protocols.json -Xcc -iquote -Xcc /Users/victorsamir/Library/Developer/Xcode/DerivedData/Money-gejdruvrzmbeckhfjgdiljhvstqq/Build/Intermediates.noindex/Money.build/Debug-iphonesimulator/MoneyTests.build/MoneyTests-generated-files.hmap -Xcc -I/Users/victorsamir/Library/Developer/Xcode/DerivedData/Money-gejdruvrzmbeckhfjgdiljhvstqq/Build/Intermediates.noindex/Money.build/Debug-iphonesimulator/MoneyTests.build/MoneyTests-own-target-headers.hmap -Xcc -I/Users/victorsamir/Library/Developer/Xcode/DerivedData/Money-gejdruvrzmbeckhfjgdiljhvstqq/Build/Intermediates.noindex/Money.build/Debug-iphonesimulator/MoneyTests.build/MoneyTests-all-target-headers.hmap -Xcc -iquote -Xcc /Users/victorsamir/Library/Developer/Xcode/DerivedData/Money-gejdruvrzmbeckhfjgdiljhvstqq/Build/Intermediates.noindex/Money.build/Debug-iphonesimulator/MoneyTests.build/MoneyTests-project-headers.hmap -Xcc -I/Users/victorsamir/Library/Developer/Xcode/DerivedData/Money-gejdruvrzmbeckhfjgdiljhvstqq/Build/Products/Debug-iphonesimulator/include -Xcc -I/Users/victorsamir/Library/Developer/Xcode/DerivedData/Money-gejdruvrzmbeckhfjgdiljhvstqq/Build/Intermediates.noindex/Money.build/Debug-iphonesimulator/MoneyTests.build/DerivedSources-normal/arm64 -Xcc -I/Users/victorsamir/Library/Developer/Xcode/DerivedData/Money-gejdruvrzmbeckhfjgdiljhvstqq/Build/Intermediates.noindex/Money.build/Debug-iphonesimulator/MoneyTests.build/DerivedSources/arm64 -Xcc -I/Users/victorsamir/Library/Developer/Xcode/DerivedData/Money-gejdruvrzmbeckhfjgdiljhvstqq/Build/Intermediates.noindex/Money.build/Debug-iphonesimulator/MoneyTests.build/DerivedSources -Xcc -DDEBUG\=1 -emit-objc-header -emit-objc-header-path /Users/victorsamir/Library/Developer/Xcode/DerivedData/Money-gejdruvrzmbeckhfjgdiljhvstqq/Build/Intermediates.noindex/Money.build/Debug-iphonesimulator/MoneyTests.build/Objects-normal/arm64/MoneyTests-Swift.h -working-directory /Users/victorsamir/Documents/Money -experimental-emit-module-separately -disable-cmo

Copy /Users/victorsamir/Library/Developer/Xcode/DerivedData/Money-gejdruvrzmbeckhfjgdiljhvstqq/Build/Products/Debug-iphonesimulator/MoneyTests.swiftmodule/Project/arm64-apple-ios-simulator.swiftsourceinfo /Users/victorsamir/Library/Developer/Xcode/DerivedData/Money-gejdruvrzmbeckhfjgdiljhvstqq/Build/Intermediates.noindex/Money.build/Debug-iphonesimulator/MoneyTests.build/Objects-normal/arm64/MoneyTests.swiftsourceinfo (in target 'MoneyTests' from project 'Money')
    cd /Users/victorsamir/Documents/Money
    builtin-copy -exclude .DS_Store -exclude CVS -exclude .svn -exclude .git -exclude .hg -resolve-src-symlinks -rename /Users/victorsamir/Library/Developer/Xcode/DerivedData/Money-gejdruvrzmbeckhfjgdiljhvstqq/Build/Intermediates.noindex/Money.build/Debug-iphonesimulator/MoneyTests.build/Objects-normal/arm64/MoneyTests.swiftsourceinfo /Users/victorsamir/Library/Developer/Xcode/DerivedData/Money-gejdruvrzmbeckhfjgdiljhvstqq/Build/Products/Debug-iphonesimulator/MoneyTests.swiftmodule/Project/arm64-apple-ios-simulator.swiftsourceinfo

Copy /Users/victorsamir/Library/Developer/Xcode/DerivedData/Money-gejdruvrzmbeckhfjgdiljhvstqq/Build/Products/Debug-iphonesimulator/MoneyTests.swiftmodule/arm64-apple-ios-simulator.abi.json /Users/victorsamir/Library/Developer/Xcode/DerivedData/Money-gejdruvrzmbeckhfjgdiljhvstqq/Build/Intermediates.noindex/Money.build/Debug-iphonesimulator/MoneyTests.build/Objects-normal/arm64/MoneyTests.abi.json (in target 'MoneyTests' from project 'Money')
    cd /Users/victorsamir/Documents/Money
    builtin-copy -exclude .DS_Store -exclude CVS -exclude .svn -exclude .git -exclude .hg -resolve-src-symlinks -rename /Users/victorsamir/Library/Developer/Xcode/DerivedData/Money-gejdruvrzmbeckhfjgdiljhvstqq/Build/Intermediates.noindex/Money.build/Debug-iphonesimulator/MoneyTests.build/Objects-normal/arm64/MoneyTests.abi.json /Users/victorsamir/Library/Developer/Xcode/DerivedData/Money-gejdruvrzmbeckhfjgdiljhvstqq/Build/Products/Debug-iphonesimulator/MoneyTests.swiftmodule/arm64-apple-ios-simulator.abi.json

Ld /Users/victorsamir/Library/Developer/Xcode/DerivedData/Money-gejdruvrzmbeckhfjgdiljhvstqq/Build/Products/Debug-iphonesimulator/Money.app/PlugIns/MoneyTests.xctest/MoneyTests normal (in target 'MoneyTests' from project 'Money')
    cd /Users/victorsamir/Documents/Money
    /Applications/Xcode.app/Contents/Developer/Toolchains/XcodeDefault.xctoolchain/usr/bin/clang -Xlinker -reproducible -target arm64-apple-ios26.0-simulator -bundle -isysroot /Applications/Xcode.app/Contents/Developer/Platforms/iPhoneSimulator.platform/Developer/SDKs/iPhoneSimulator26.0.sdk -O0 -L/Users/victorsamir/Library/Developer/Xcode/DerivedData/Money-gejdruvrzmbeckhfjgdiljhvstqq/Build/Intermediates.noindex/EagerLinkingTBDs/Debug-iphonesimulator -L/Users/victorsamir/Library/Developer/Xcode/DerivedData/Money-gejdruvrzmbeckhfjgdiljhvstqq/Build/Products/Debug-iphonesimulator -L/Applications/Xcode.app/Contents/Developer/Platforms/iPhoneSimulator.platform/Developer/usr/lib -F/Users/victorsamir/Library/Developer/Xcode/DerivedData/Money-gejdruvrzmbeckhfjgdiljhvstqq/Build/Intermediates.noindex/EagerLinkingTBDs/Debug-iphonesimulator -F/Users/victorsamir/Library/Developer/Xcode/DerivedData/Money-gejdruvrzmbeckhfjgdiljhvstqq/Build/Products/Debug-iphonesimulator -iframework /Applications/Xcode.app/Contents/Developer/Platforms/iPhoneSimulator.platform/Developer/Library/Frameworks -iframework /Applications/Xcode.app/Contents/Developer/Platforms/iPhoneSimulator.platform/Developer/SDKs/iPhoneSimulator26.0.sdk/Developer/Library/Frameworks -filelist /Users/victorsamir/Library/Developer/Xcode/DerivedData/Money-gejdruvrzmbeckhfjgdiljhvstqq/Build/Intermediates.noindex/Money.build/Debug-iphonesimulator/MoneyTests.build/Objects-normal/arm64/MoneyTests.LinkFileList -Xlinker -rpath -Xlinker @loader_path/Frameworks -Xlinker -rpath -Xlinker @executable_path/Frameworks -dead_strip -bundle_loader /Users/victorsamir/Library/Developer/Xcode/DerivedData/Money-gejdruvrzmbeckhfjgdiljhvstqq/Build/Products/Debug-iphonesimulator/Money.app/Money -Xlinker -object_path_lto -Xlinker /Users/victorsamir/Library/Developer/Xcode/DerivedData/Money-gejdruvrzmbeckhfjgdiljhvstqq/Build/Intermediates.noindex/Money.build/Debug-iphonesimulator/MoneyTests.build/Objects-normal/arm64/MoneyTests_lto.o -rdynamic -Xlinker -no_deduplicate -Xlinker -objc_abi_version -Xlinker 2 -Xlinker -debug_variant -Xlinker -dependency_info -Xlinker /Users/victorsamir/Library/Developer/Xcode/DerivedData/Money-gejdruvrzmbeckhfjgdiljhvstqq/Build/Intermediates.noindex/Money.build/Debug-iphonesimulator/MoneyTests.build/Objects-normal/arm64/MoneyTests_dependency_info.dat -fobjc-link-runtime -fprofile-instr-generate -L/Applications/Xcode.app/Contents/Developer/Toolchains/XcodeDefault.xctoolchain/usr/lib/swift/iphonesimulator -L/usr/lib/swift -Xlinker -add_ast_path -Xlinker /Users/victorsamir/Library/Developer/Xcode/DerivedData/Money-gejdruvrzmbeckhfjgdiljhvstqq/Build/Intermediates.noindex/Money.build/Debug-iphonesimulator/MoneyTests.build/Objects-normal/arm64/MoneyTests.swiftmodule @/Users/victorsamir/Library/Developer/Xcode/DerivedData/Money-gejdruvrzmbeckhfjgdiljhvstqq/Build/Intermediates.noindex/Money.build/Debug-iphonesimulator/MoneyTests.build/Objects-normal/arm64/MoneyTests-linker-args.resp -Xlinker -needed_framework -Xlinker XCTest -framework XCTest -Xlinker -needed-lXCTestSwiftSupport -lXCTestSwiftSupport /Users/victorsamir/Library/Developer/Xcode/DerivedData/Money-gejdruvrzmbeckhfjgdiljhvstqq/Build/Products/Debug-iphonesimulator/Money.app/Money.debug.dylib -Xlinker -no_adhoc_codesign -o /Users/victorsamir/Library/Developer/Xcode/DerivedData/Money-gejdruvrzmbeckhfjgdiljhvstqq/Build/Products/Debug-iphonesimulator/Money.app/PlugIns/MoneyTests.xctest/MoneyTests

ExtractAppIntentsMetadata (in target 'MoneyTests' from project 'Money')
    cd /Users/victorsamir/Documents/Money
    /Applications/Xcode.app/Contents/Developer/Toolchains/XcodeDefault.xctoolchain/usr/bin/appintentsmetadataprocessor --toolchain-dir /Applications/Xcode.app/Contents/Developer/Toolchains/XcodeDefault.xctoolchain --module-name MoneyTests --sdk-root /Applications/Xcode.app/Contents/Developer/Platforms/iPhoneSimulator.platform/Developer/SDKs/iPhoneSimulator26.0.sdk --xcode-version 17A324 --platform-family iOS --deployment-target 26.0 --bundle-identifier victor-samir.MoneyTests --output /Users/victorsamir/Library/Developer/Xcode/DerivedData/Money-gejdruvrzmbeckhfjgdiljhvstqq/Build/Products/Debug-iphonesimulator/Money.app/PlugIns/MoneyTests.xctest --target-triple arm64-apple-ios26.0-simulator --binary-file /Users/victorsamir/Library/Developer/Xcode/DerivedData/Money-gejdruvrzmbeckhfjgdiljhvstqq/Build/Products/Debug-iphonesimulator/Money.app/PlugIns/MoneyTests.xctest/MoneyTests --dependency-file /Users/victorsamir/Library/Developer/Xcode/DerivedData/Money-gejdruvrzmbeckhfjgdiljhvstqq/Build/Intermediates.noindex/Money.build/Debug-iphonesimulator/MoneyTests.build/Objects-normal/arm64/MoneyTests_dependency_info.dat --stringsdata-file /Users/victorsamir/Library/Developer/Xcode/DerivedData/Money-gejdruvrzmbeckhfjgdiljhvstqq/Build/Intermediates.noindex/Money.build/Debug-iphonesimulator/MoneyTests.build/Objects-normal/arm64/ExtractedAppShortcutsMetadata.stringsdata --source-file-list /Users/victorsamir/Library/Developer/Xcode/DerivedData/Money-gejdruvrzmbeckhfjgdiljhvstqq/Build/Intermediates.noindex/Money.build/Debug-iphonesimulator/MoneyTests.build/Objects-normal/arm64/MoneyTests.SwiftFileList --metadata-file-list /Users/victorsamir/Library/Developer/Xcode/DerivedData/Money-gejdruvrzmbeckhfjgdiljhvstqq/Build/Intermediates.noindex/Money.build/Debug-iphonesimulator/MoneyTests.build/MoneyTests.DependencyMetadataFileList --static-metadata-file-list /Users/victorsamir/Library/Developer/Xcode/DerivedData/Money-gejdruvrzmbeckhfjgdiljhvstqq/Build/Intermediates.noindex/Money.build/Debug-iphonesimulator/MoneyTests.build/MoneyTests.DependencyStaticMetadataFileList --swift-const-vals-list /Users/victorsamir/Library/Developer/Xcode/DerivedData/Money-gejdruvrzmbeckhfjgdiljhvstqq/Build/Intermediates.noindex/Money.build/Debug-iphonesimulator/MoneyTests.build/Objects-normal/arm64/MoneyTests.SwiftConstValuesFileList --compile-time-extraction --deployment-aware-processing --validate-assistant-intents --no-app-shortcuts-localization
2025-10-03 17:57:48.375 appintentsmetadataprocessor[32237:1302476] Starting appintentsmetadataprocessor export
2025-10-03 17:57:48.444 appintentsmetadataprocessor[32237:1302476] Extracted no relevant App Intents symbols, skipping writing output

CopySwiftLibs /Users/victorsamir/Library/Developer/Xcode/DerivedData/Money-gejdruvrzmbeckhfjgdiljhvstqq/Build/Products/Debug-iphonesimulator/Money.app/PlugIns/MoneyTests.xctest (in target 'MoneyTests' from project 'Money')
    cd /Users/victorsamir/Documents/Money
    builtin-swiftStdLibTool --copy --verbose --sign - --scan-executable /Users/victorsamir/Library/Developer/Xcode/DerivedData/Money-gejdruvrzmbeckhfjgdiljhvstqq/Build/Products/Debug-iphonesimulator/Money.app/PlugIns/MoneyTests.xctest/MoneyTests --scan-folder /Users/victorsamir/Library/Developer/Xcode/DerivedData/Money-gejdruvrzmbeckhfjgdiljhvstqq/Build/Products/Debug-iphonesimulator/Money.app/PlugIns/MoneyTests.xctest/Frameworks --scan-folder /Users/victorsamir/Library/Developer/Xcode/DerivedData/Money-gejdruvrzmbeckhfjgdiljhvstqq/Build/Products/Debug-iphonesimulator/Money.app/PlugIns/MoneyTests.xctest/PlugIns --scan-folder /Users/victorsamir/Library/Developer/Xcode/DerivedData/Money-gejdruvrzmbeckhfjgdiljhvstqq/Build/Products/Debug-iphonesimulator/Money.app/PlugIns/MoneyTests.xctest/SystemExtensions --scan-folder /Users/victorsamir/Library/Developer/Xcode/DerivedData/Money-gejdruvrzmbeckhfjgdiljhvstqq/Build/Products/Debug-iphonesimulator/Money.app/PlugIns/MoneyTests.xctest/Extensions --platform iphonesimulator --toolchain /Applications/Xcode.app/Contents/Developer/Toolchains/XcodeDefault.xctoolchain --destination /Users/victorsamir/Library/Developer/Xcode/DerivedData/Money-gejdruvrzmbeckhfjgdiljhvstqq/Build/Products/Debug-iphonesimulator/Money.app/PlugIns/MoneyTests.xctest/Frameworks --strip-bitcode --scan-executable /Applications/Xcode.app/Contents/Developer/Platforms/iPhoneSimulator.platform/Developer/usr/lib/libXCTestSwiftSupport.dylib --strip-bitcode-tool /Applications/Xcode.app/Contents/Developer/Toolchains/XcodeDefault.xctoolchain/usr/bin/bitcode_strip --emit-dependency-info /Users/victorsamir/Library/Developer/Xcode/DerivedData/Money-gejdruvrzmbeckhfjgdiljhvstqq/Build/Intermediates.noindex/Money.build/Debug-iphonesimulator/MoneyTests.build/SwiftStdLibToolInputDependencies.dep --filter-for-swift-os

ProcessInfoPlistFile /Users/victorsamir/Library/Developer/Xcode/DerivedData/Money-gejdruvrzmbeckhfjgdiljhvstqq/Build/Products/Debug-iphonesimulator/Money.app/PlugIns/MoneyTests.xctest/Info.plist /Users/victorsamir/Library/Developer/Xcode/DerivedData/Money-gejdruvrzmbeckhfjgdiljhvstqq/Build/Intermediates.noindex/Money.build/Debug-iphonesimulator/MoneyTests.build/empty-MoneyTests.plist (in target 'MoneyTests' from project 'Money')
    cd /Users/victorsamir/Documents/Money
    builtin-infoPlistUtility /Users/victorsamir/Library/Developer/Xcode/DerivedData/Money-gejdruvrzmbeckhfjgdiljhvstqq/Build/Intermediates.noindex/Money.build/Debug-iphonesimulator/MoneyTests.build/empty-MoneyTests.plist -producttype com.apple.product-type.bundle.unit-test -expandbuildsettings -format binary -platform iphonesimulator -o /Users/victorsamir/Library/Developer/Xcode/DerivedData/Money-gejdruvrzmbeckhfjgdiljhvstqq/Build/Products/Debug-iphonesimulator/Money.app/PlugIns/MoneyTests.xctest/Info.plist

CodeSign /Users/victorsamir/Library/Developer/Xcode/DerivedData/Money-gejdruvrzmbeckhfjgdiljhvstqq/Build/Products/Debug-iphonesimulator/Money.app/PlugIns/MoneyTests.xctest (in target 'MoneyTests' from project 'Money')
    cd /Users/victorsamir/Documents/Money
    
    Signing Identity:     "Sign to Run Locally"
    
    /usr/bin/codesign --force --sign - --timestamp\=none --generate-entitlement-der /Users/victorsamir/Library/Developer/Xcode/DerivedData/Money-gejdruvrzmbeckhfjgdiljhvstqq/Build/Products/Debug-iphonesimulator/Money.app/PlugIns/MoneyTests.xctest

CodeSign /Users/victorsamir/Library/Developer/Xcode/DerivedData/Money-gejdruvrzmbeckhfjgdiljhvstqq/Build/Products/Debug-iphonesimulator/Money.app/Money.debug.dylib (in target 'Money' from project 'Money')
    cd /Users/victorsamir/Documents/Money
    
    Signing Identity:     "Sign to Run Locally"
    
    /usr/bin/codesign --force --sign - --timestamp\=none --generate-entitlement-der /Users/victorsamir/Library/Developer/Xcode/DerivedData/Money-gejdruvrzmbeckhfjgdiljhvstqq/Build/Products/Debug-iphonesimulator/Money.app/Money.debug.dylib
/Users/victorsamir/Library/Developer/Xcode/DerivedData/Money-gejdruvrzmbeckhfjgdiljhvstqq/Build/Products/Debug-iphonesimulator/Money.app/Money.debug.dylib: replacing existing signature

CodeSign /Users/victorsamir/Library/Developer/Xcode/DerivedData/Money-gejdruvrzmbeckhfjgdiljhvstqq/Build/Products/Debug-iphonesimulator/Money.app/__preview.dylib (in target 'Money' from project 'Money')
    cd /Users/victorsamir/Documents/Money
    
    Signing Identity:     "Sign to Run Locally"
    
    /usr/bin/codesign --force --sign - --timestamp\=none --generate-entitlement-der /Users/victorsamir/Library/Developer/Xcode/DerivedData/Money-gejdruvrzmbeckhfjgdiljhvstqq/Build/Products/Debug-iphonesimulator/Money.app/__preview.dylib
/Users/victorsamir/Library/Developer/Xcode/DerivedData/Money-gejdruvrzmbeckhfjgdiljhvstqq/Build/Products/Debug-iphonesimulator/Money.app/__preview.dylib: replacing existing signature

CodeSign /Users/victorsamir/Library/Developer/Xcode/DerivedData/Money-gejdruvrzmbeckhfjgdiljhvstqq/Build/Products/Debug-iphonesimulator/Money.app (in target 'Money' from project 'Money')
    cd /Users/victorsamir/Documents/Money
    
    Signing Identity:     "Sign to Run Locally"
    
    /usr/bin/codesign --force --sign - --timestamp\=none --generate-entitlement-der /Users/victorsamir/Library/Developer/Xcode/DerivedData/Money-gejdruvrzmbeckhfjgdiljhvstqq/Build/Products/Debug-iphonesimulator/Money.app
/Users/victorsamir/Library/Developer/Xcode/DerivedData/Money-gejdruvrzmbeckhfjgdiljhvstqq/Build/Products/Debug-iphonesimulator/Money.app: replacing existing signature

Validate /Users/victorsamir/Library/Developer/Xcode/DerivedData/Money-gejdruvrzmbeckhfjgdiljhvstqq/Build/Products/Debug-iphonesimulator/Money.app (in target 'Money' from project 'Money')
    cd /Users/victorsamir/Documents/Money
    builtin-validationUtility /Users/victorsamir/Library/Developer/Xcode/DerivedData/Money-gejdruvrzmbeckhfjgdiljhvstqq/Build/Products/Debug-iphonesimulator/Money.app -shallow-bundle -infoplist-subpath Info.plist

ProcessInfoPlistFile /Users/victorsamir/Library/Developer/Xcode/DerivedData/Money-gejdruvrzmbeckhfjgdiljhvstqq/Build/Products/Debug-iphonesimulator/MoneyUITests-Runner.app/PlugIns/MoneyUITests.xctest/Info.plist /Users/victorsamir/Library/Developer/Xcode/DerivedData/Money-gejdruvrzmbeckhfjgdiljhvstqq/Build/Intermediates.noindex/Money.build/Debug-iphonesimulator/MoneyUITests.build/empty-MoneyUITests.plist (in target 'MoneyUITests' from project 'Money')
    cd /Users/victorsamir/Documents/Money
    builtin-infoPlistUtility /Users/victorsamir/Library/Developer/Xcode/DerivedData/Money-gejdruvrzmbeckhfjgdiljhvstqq/Build/Intermediates.noindex/Money.build/Debug-iphonesimulator/MoneyUITests.build/empty-MoneyUITests.plist -producttype com.apple.product-type.bundle.ui-testing -expandbuildsettings -format binary -platform iphonesimulator -additionalcontentfile /Users/victorsamir/Library/Developer/Xcode/DerivedData/Money-gejdruvrzmbeckhfjgdiljhvstqq/Build/Intermediates.noindex/Money.build/Debug-iphonesimulator/MoneyUITests.build/ProductTypeInfoPlistAdditions.plist -o /Users/victorsamir/Library/Developer/Xcode/DerivedData/Money-gejdruvrzmbeckhfjgdiljhvstqq/Build/Products/Debug-iphonesimulator/MoneyUITests-Runner.app/PlugIns/MoneyUITests.xctest/Info.plist

CopySwiftLibs /Users/victorsamir/Library/Developer/Xcode/DerivedData/Money-gejdruvrzmbeckhfjgdiljhvstqq/Build/Products/Debug-iphonesimulator/MoneyUITests-Runner.app/PlugIns/MoneyUITests.xctest (in target 'MoneyUITests' from project 'Money')
    cd /Users/victorsamir/Documents/Money
    builtin-swiftStdLibTool --copy --verbose --sign - --scan-executable /Users/victorsamir/Library/Developer/Xcode/DerivedData/Money-gejdruvrzmbeckhfjgdiljhvstqq/Build/Products/Debug-iphonesimulator/MoneyUITests-Runner.app/PlugIns/MoneyUITests.xctest/MoneyUITests --scan-folder /Users/victorsamir/Library/Developer/Xcode/DerivedData/Money-gejdruvrzmbeckhfjgdiljhvstqq/Build/Products/Debug-iphonesimulator/MoneyUITests-Runner.app/PlugIns/MoneyUITests.xctest/Frameworks --scan-folder /Users/victorsamir/Library/Developer/Xcode/DerivedData/Money-gejdruvrzmbeckhfjgdiljhvstqq/Build/Products/Debug-iphonesimulator/MoneyUITests-Runner.app/PlugIns/MoneyUITests.xctest/PlugIns --scan-folder /Users/victorsamir/Library/Developer/Xcode/DerivedData/Money-gejdruvrzmbeckhfjgdiljhvstqq/Build/Products/Debug-iphonesimulator/MoneyUITests-Runner.app/PlugIns/MoneyUITests.xctest/SystemExtensions --scan-folder /Users/victorsamir/Library/Developer/Xcode/DerivedData/Money-gejdruvrzmbeckhfjgdiljhvstqq/Build/Products/Debug-iphonesimulator/MoneyUITests-Runner.app/PlugIns/MoneyUITests.xctest/Extensions --platform iphonesimulator --toolchain /Applications/Xcode.app/Contents/Developer/Toolchains/XcodeDefault.xctoolchain --destination /Users/victorsamir/Library/Developer/Xcode/DerivedData/Money-gejdruvrzmbeckhfjgdiljhvstqq/Build/Products/Debug-iphonesimulator/MoneyUITests-Runner.app/PlugIns/MoneyUITests.xctest/Frameworks --strip-bitcode --scan-executable /Applications/Xcode.app/Contents/Developer/Platforms/iPhoneSimulator.platform/Developer/usr/lib/libXCTestSwiftSupport.dylib --strip-bitcode-tool /Applications/Xcode.app/Contents/Developer/Toolchains/XcodeDefault.xctoolchain/usr/bin/bitcode_strip --emit-dependency-info /Users/victorsamir/Library/Developer/Xcode/DerivedData/Money-gejdruvrzmbeckhfjgdiljhvstqq/Build/Intermediates.noindex/Money.build/Debug-iphonesimulator/MoneyUITests.build/SwiftStdLibToolInputDependencies.dep --filter-for-swift-os


Test session results, code coverage, and logs:
	/Users/victorsamir/Library/Developer/Xcode/DerivedData/Money-gejdruvrzmbeckhfjgdiljhvstqq/Logs/Test/Test-Money-2025.10.03_17-57-45--0300.xcresult

Testing started
Test suite 'FinanceCalculatorTests' started on 'Clone 1 of iPhone 17 - Money (32831)'
Test suite 'DebtorDetailViewModelTests' started on 'Clone 1 of iPhone 17 - Money (32831)'
Test suite 'CSVExporterTests' started on 'Clone 1 of iPhone 17 - Money (32831)'
Test case 'FinanceCalculatorTests/normalizesPercentageInterest()' passed on 'Clone 1 of iPhone 17 - Money (32831)' (0.000 seconds)
Test case 'FinanceCalculatorTests/generateLinearSchedule()' passed on 'Clone 1 of iPhone 17 - Money (32831)' (0.000 seconds)
Test case 'FinanceCalculatorTests/invalidPrincipal()' passed on 'Clone 1 of iPhone 17 - Money (32831)' (0.000 seconds)
Test case 'DebtorDetailViewModelTests/createsAgreementWithNormalizedInterest()' failed on 'Clone 1 of iPhone 17 - Money (32831)' (0.000 seconds)
Test case 'CSVExporterTests/exportCSV()' passed on 'Clone 1 of iPhone 17 - Money (32831)' (0.000 seconds)
Test suite 'MoneyUITests' started on 'Clone 2 of iPhone 17 - MoneyUITests-Runner (33230)'
Test suite 'MoneyUITestsLaunchTests' started on 'Clone 1 of iPhone 17 - MoneyUITests-Runner (33331)'
Test case 'MoneyUITestsLaunchTests.testLaunch()' passed on 'Clone 1 of iPhone 17 - MoneyUITests-Runner (33331)' (2.728 seconds)
Test case 'MoneyUITests.testNavigateAndCreateDebtorFlow()' failed on 'Clone 2 of iPhone 17 - MoneyUITests-Runner (33230)' (8.566 seconds)
Test case 'MoneyUITestsLaunchTests.testLaunch()' passed on 'Clone 1 of iPhone 17 - MoneyUITests-Runner (33331)' (4.897 seconds)
Test case 'MoneyUITestsLaunchTests.testLaunch()' passed on 'Clone 1 of iPhone 17 - MoneyUITests-Runner (33331)' (4.889 seconds)
Test case 'MoneyUITestsLaunchTests.testLaunch()' passed on 'Clone 1 of iPhone 17 - MoneyUITests-Runner (33331)' (4.864 seconds)
Test case 'MoneyUITestsLaunchTests.testLaunch()' passed on 'Clone 1 of iPhone 17 - MoneyUITests-Runner (33331)' (5.045 seconds)
Test case 'MoneyUITestsLaunchTests.testLaunch()' passed on 'Clone 1 of iPhone 17 - MoneyUITests-Runner (33331)' (4.842 seconds)
Test case 'MoneyUITestsLaunchTests.testLaunch()' passed on 'Clone 1 of iPhone 17 - MoneyUITests-Runner (33331)' (4.825 seconds)
Test case 'MoneyUITestsLaunchTests.testLaunch()' passed on 'Clone 1 of iPhone 17 - MoneyUITests-Runner (33331)' (4.864 seconds)
